// Jest Snapshot v1, https://goo.gl/fbAQLP

exports[`ForecastDetails renders correctly 1`] = `
<DocumentFragment>
  <div
    class="forecast-details"
    data-testid="forecast-details"
  >
    <div
      class="forecast-details__date"
    >
      Thu Jan 01 1970
    </div>
    <div
      class="forecast-details__max-temperature"
    >
      11°C
    </div>
    <div
      class="forecast-details__min-temperature"
    >
      4°C
    </div>
    <div
      class="forecast-details__humidity"
    >
      30 
    </div>
    <div
      class="forecast-details__wind-speed"
    >
      13 
    </div>
    <div
      class="forecast-details__wind-direction"
    >
      s 
    </div>
  </div>
</DocumentFragment>
`;
